模型   tool/panda_real.xml
连杆   7 个 · 自由度 7 · 参数 K = 10x7 = 70
采样   随机位形 200 点（|q|<=1.4, |dq|<=3, |ddq|<=10）

线性性自检  ||Y·pi - tau|| / ||tau|| = 6.488e-16  OK

==========================================================
可辨识性
==========================================================
  参数总数 K            70
  数值秩（可辨识）      43
  零空间维数（不可辨识）27   <-- 永远学不到的方向数
  不可辨识占比          38.6%

奇异值谱（相对 s[0]，看断崖在哪）：
    s[  0] = 1.000e+00
    s[  1] = 9.328e-01
    s[  2] = 8.401e-01
    s[ 41] = 8.644e-02
    s[ 42] = 7.430e-02
    s[ 43] = 4.444e-16  <- 秩截断
    s[ 44] = 2.573e-16
    s[ 45] = 2.424e-16

各连杆落在零空间里的能量占比（越高=该连杆参数越不可辨识）：
    body2      9.37  ##############################
    body3      3.71  ############
    body4      3.08  ##########
    body5      3.04  ##########
    body6      2.97  ##########
    body7      2.89  #########
    body8      1.93  ######

写入 out_analysis/identifiability_panda_real.json

解读：零空间维数 27 就是"无论怎么训练都恢复不了"的参数方向数。
      这解释了 se3_param_check 里惯量相对误差 ~1.0 —— 不是没学好，是学不到。
