模型   tool/panda_real.xml
连杆   7 个 · 自由度 7 · 参数 K = 10x7 = 70
采样   静态位形 200 点（|q|<=1.4, dq=ddq=0，仅重力项）

线性性自检  ||Y·pi - tau|| / ||tau|| = 3.138e-16  OK

==========================================================
可辨识性
==========================================================
  参数总数 K            70
  数值秩（可辨识）      12
  零空间维数（不可辨识）58   <-- 永远学不到的方向数
  不可辨识占比          82.9%

奇异值谱（相对 s[0]，看断崖在哪）：
    s[  0] = 1.000e+00
    s[  1] = 9.058e-01
    s[  2] = 8.615e-01
    s[ 10] = 2.553e-01
    s[ 11] = 1.898e-01
    s[ 12] = 9.622e-17  <- 秩截断
    s[ 13] = 9.182e-17
    s[ 14] = 8.291e-17

各连杆落在零空间里的能量占比（越高=该连杆参数越不可辨识）：
    body2     10.00  ##############################
    body3      8.59  ##########################
    body4      8.07  ########################
    body5      8.05  ########################
    body6      7.98  ########################
    body7      7.91  ########################
    body8      7.40  ######################

写入 out_analysis/ident_static_panda_real.json

解读：零空间维数 58 就是"无论怎么训练都恢复不了"的参数方向数。
      这解释了 se3_param_check 里惯量相对误差 ~1.0 —— 不是没学好，是学不到。
