模型   tool/baxter_left.xml
连杆   7 个 · 自由度 7 · 参数 K = 10x7 = 70
采样   随机位形 200 点（|q|<=1.4, |dq|<=3, |ddq|<=10）

线性性自检  ||Y·pi - tau|| / ||tau|| = 7.334e-16  OK

==========================================================
可辨识性
==========================================================
  参数总数 K            70
  数值秩（可辨识）      58
  零空间维数（不可辨识）12   <-- 永远学不到的方向数
  不可辨识占比          17.1%

奇异值谱（相对 s[0]，看断崖在哪）：
    s[  0] = 1.000e+00
    s[  1] = 9.514e-01
    s[  2] = 8.696e-01
    s[ 56] = 1.623e-09
    s[ 57] = 1.383e-09
    s[ 58] = 9.800e-10  <- 秩截断
    s[ 59] = 8.225e-10
    s[ 60] = 2.303e-10

各连杆落在零空间里的能量占比（越高=该连杆参数越不可辨识）：
    body2      9.30  ##############################
    body3      1.66  #####
    body4      0.98  ###
    body5      0.06  
    body6      0.00  
    body7      0.00  
    body8      0.00  

写入 experimental_results/identifiability/identifiability_baxter_left.json

解读：零空间维数 12 就是"无论怎么训练都恢复不了"的参数方向数。
      这解释了 se3_param_check 里惯量相对误差 ~1.0 —— 不是没学好，是学不到。
