模型   tool/panda.xml
连杆   8 个 · 自由度 7 · 参数 K = 10x8 = 80
采样   静态位形 200 点（|q|<=1.4, dq=ddq=0，仅重力项）

线性性自检  ||Y·pi - tau|| / ||tau|| = 2.451e-16  OK

==========================================================
可辨识性
==========================================================
  参数总数 K            80
  数值秩（可辨识）      12
  零空间维数（不可辨识）68   <-- 永远学不到的方向数
  不可辨识占比          85.0%

奇异值谱（相对 s[0]，看断崖在哪）：
    s[  0] = 1.000e+00
    s[  1] = 8.228e-01
    s[  2] = 8.157e-01
    s[ 10] = 2.082e-01
    s[ 11] = 1.531e-01
    s[ 12] = 9.696e-17  <- 秩截断
    s[ 13] = 8.630e-17
    s[ 14] = 8.630e-17

各连杆落在零空间里的能量占比（越高=该连杆参数越不可辨识）：
    body2     10.00  ##############################
    body3      8.67  ##########################
    body4      8.15  ########################
    body5      7.99  ########################
    body6      7.99  ########################
    body7      8.07  ########################
    body8      8.56  ##########################
    body9      8.56  ##########################

写入 out_analysis/ident_static_panda.json

解读：零空间维数 68 就是"无论怎么训练都恢复不了"的参数方向数。
      这解释了 se3_param_check 里惯量相对误差 ~1.0 —— 不是没学好，是学不到。
