模型   tool/panda_real.xml
连杆   7 · 自由度 7 · 参数 K = 70
采样   随机位形 1500 点

==============================================================
最小二乘辨识（无偏、无正则、解析梯度 —— 方法上限）
==============================================================
  设计矩阵 A        (10500, 70)
  数值秩            43 / 70   （零空间 27）
  力矩残差 R^2      1.00000000

  参数误差 e = pi_hat - pi_true 的分解：
    ||e||             7.049623e+00
    ||e_id||          4.702867e-15   可辨识子空间内
    ||e_null||        7.049623e+00   零空间内
    零空间占误差能量  100.0000%

  逐参数类型相对误差（|hat-true| / max(|true|, 1e-6) 的中位数）：
    m          0.8884
    hx         0.0917
    hy         0.4582
    hz         1.0000
    Ixx        1.2412
    Iyy        0.5737
    Izz        0.5279
    Ixy        0.4076
    Ixz        0.0000
    Iyz        0.0000

写入 out_analysis/ls_exact_real.json

解读：力矩 R^2 ≈ 1 而参数误差的 100.0% 落在零空间 —— 这是**无偏最小二乘**的结果，
      说明神经网络恢复不了物理参数不是训练问题，任何方法在同一批激励下都躲不掉。
