模型   tool/panda_real.xml
连杆   7 · 自由度 7 · 参数 K = 70
采样   随机位形 1500 点
噪声   tau 上加 5.0% 相对高斯噪声

==============================================================
最小二乘辨识（无偏、无正则、解析梯度 —— 方法上限）
==============================================================
  设计矩阵 A        (10500, 70)
  数值秩            43 / 70   （零空间 27）
  力矩残差 R^2      0.99747920

  参数误差 e = pi_hat - pi_true 的分解：
    ||e||             7.049635e+00
    ||e_id||          1.274497e-02   可辨识子空间内
    ||e_null||        7.049623e+00   零空间内
    零空间占误差能量  99.9998%

  逐参数类型相对误差（|hat-true| / max(|true|, 1e-6) 的中位数）：
    m          0.8883
    hx         0.7735
    hy         0.4716
    hz         1.0000
    Ixx        1.2278
    Iyy        0.6050
    Izz        0.6443
    Ixy        0.6402
    Ixz        0.3500
    Iyz        1.0000

写入 out_analysis/ls_exact_real_noise0.05.json

解读：力矩 R^2 ≈ 1 而参数误差的 100.0% 落在零空间 —— 这是**无偏最小二乘**的结果，
      说明神经网络恢复不了物理参数不是训练问题，任何方法在同一批激励下都躲不掉。
